C:/ProgramData/Jenkins/.jenkins/workspace/PipelineC/grpc/BUILDING.md:118: warning: unable to resolve reference to 'C:/ProgramData/Jenkins/.jenkins/workspace/PipelineC/grpc/tools/remote_build/README.md' for \ref command
C:/ProgramData/Jenkins/.jenkins/workspace/PipelineC/grpc/BUILDING.md:118: warning: unable to resolve reference to 'C:/ProgramData/Jenkins/.jenkins/workspace/PipelineC/grpc/tools/remote_build/README.md' for \ref command
C:/ProgramData/Jenkins/.jenkins/workspace/PipelineC/grpc/CONCEPTS.md:52: warning: unable to resolve reference to 'C:/ProgramData/Jenkins/.jenkins/workspace/PipelineC/grpc/doc/PROTOCOL-HTTP2.md' for \ref command
C:/ProgramData/Jenkins/.jenkins/workspace/PipelineC/grpc/CONCEPTS.md:61: warning: unable to resolve reference to 'C:/ProgramData/Jenkins/.jenkins/workspace/PipelineC/grpc/doc/PROTOCOL-HTTP2.md' for \ref command
C:/ProgramData/Jenkins/.jenkins/workspace/PipelineC/grpc/CONCEPTS.md:52: warning: unable to resolve reference to 'C:/ProgramData/Jenkins/.jenkins/workspace/PipelineC/grpc/doc/PROTOCOL-HTTP2.md' for \ref command
C:/ProgramData/Jenkins/.jenkins/workspace/PipelineC/grpc/CONCEPTS.md:61: warning: unable to resolve reference to 'C:/ProgramData/Jenkins/.jenkins/workspace/PipelineC/grpc/doc/PROTOCOL-HTTP2.md' for \ref command
C:/ProgramData/Jenkins/.jenkins/workspace/PipelineC/grpc/TROUBLESHOOTING.md:29: warning: unable to resolve reference to 'C:/ProgramData/Jenkins/.jenkins/workspace/PipelineC/grpc/doc/environment_variables.md' for \ref command
C:/ProgramData/Jenkins/.jenkins/workspace/PipelineC/grpc/TROUBLESHOOTING.md:34: warning: unable to resolve reference to 'C:/ProgramData/Jenkins/.jenkins/workspace/PipelineC/grpc/doc/trace_flags.md' for \ref command
C:/ProgramData/Jenkins/.jenkins/workspace/PipelineC/grpc/TROUBLESHOOTING.md:29: warning: unable to resolve reference to 'C:/ProgramData/Jenkins/.jenkins/workspace/PipelineC/grpc/doc/environment_variables.md' for \ref command
C:/ProgramData/Jenkins/.jenkins/workspace/PipelineC/grpc/TROUBLESHOOTING.md:34: warning: unable to resolve reference to 'C:/ProgramData/Jenkins/.jenkins/workspace/PipelineC/grpc/doc/trace_flags.md' for \ref command
C:/ProgramData/Jenkins/.jenkins/workspace/PipelineC/grpc/setup.py:393: warning: Member _quote_build_define(argument) (function) of namespace setup is not documented.
C:/ProgramData/Jenkins/.jenkins/workspace/PipelineC/grpc/setup.py:481: warning: Member cython_extensions_and_necessity() (function) of namespace setup is not documented.
C:/ProgramData/Jenkins/.jenkins/workspace/PipelineC/grpc/setup.py:44: warning: Member template (variable) of namespace setup is not documented.
C:/ProgramData/Jenkins/.jenkins/workspace/PipelineC/grpc/setup.py:46: warning: Member PY3 (variable) of namespace setup is not documented.
C:/ProgramData/Jenkins/.jenkins/workspace/PipelineC/grpc/setup.py:47: warning: Member PYTHON_STEM (variable) of namespace setup is not documented.
C:/ProgramData/Jenkins/.jenkins/workspace/PipelineC/grpc/setup.py:48: warning: Member CORE_INCLUDE (variable) of namespace setup is not documented.
C:/ProgramData/Jenkins/.jenkins/workspace/PipelineC/grpc/setup.py:52: warning: Member ABSL_INCLUDE (variable) of namespace setup is not documented.
C:/ProgramData/Jenkins/.jenkins/workspace/PipelineC/grpc/setup.py:53: warning: Member ADDRESS_SORTING_INCLUDE (variable) of namespace setup is not documented.
C:/ProgramData/Jenkins/.jenkins/workspace/PipelineC/grpc/setup.py:56: warning: Member CARES_INCLUDE (variable) of namespace setup is not documented.
C:/ProgramData/Jenkins/.jenkins/workspace/PipelineC/grpc/setup.py:69: warning: Member RE2_INCLUDE (variable) of namespace setup is not documented.
C:/ProgramData/Jenkins/.jenkins/workspace/PipelineC/grpc/setup.py:70: warning: Member SSL_INCLUDE (variable) of namespace setup is not documented.
C:/ProgramData/Jenkins/.jenkins/workspace/PipelineC/grpc/setup.py:73: warning: Member UPB_INCLUDE (variable) of namespace setup is not documented.
C:/ProgramData/Jenkins/.jenkins/workspace/PipelineC/grpc/setup.py:74: warning: Member UPB_GRPC_GENERATED_INCLUDE (variable) of namespace setup is not documented.
C:/ProgramData/Jenkins/.jenkins/workspace/PipelineC/grpc/setup.py:75: warning: Member UPBDEFS_GRPC_GENERATED_INCLUDE (variable) of namespace setup is not documented.
C:/ProgramData/Jenkins/.jenkins/workspace/PipelineC/grpc/setup.py:78: warning: Member UTF8_RANGE_INCLUDE (variable) of namespace setup is not documented.
C:/ProgramData/Jenkins/.jenkins/workspace/PipelineC/grpc/setup.py:79: warning: Member XXHASH_INCLUDE (variable) of namespace setup is not documented.
C:/ProgramData/Jenkins/.jenkins/workspace/PipelineC/grpc/setup.py:80: warning: Member ZLIB_INCLUDE (variable) of namespace setup is not documented.
C:/ProgramData/Jenkins/.jenkins/workspace/PipelineC/grpc/setup.py:81: warning: Member README (variable) of namespace setup is not documented.
C:/ProgramData/Jenkins/.jenkins/workspace/PipelineC/grpc/setup.py:100: warning: Member LICENSE (variable) of namespace setup is not documented.
C:/ProgramData/Jenkins/.jenkins/workspace/PipelineC/grpc/setup.py:102: warning: Member CLASSIFIERS (variable) of namespace setup is not documented.
C:/ProgramData/Jenkins/.jenkins/workspace/PipelineC/grpc/setup.py:121: warning: Member BUILD_WITH_BORING_SSL_ASM (variable) of namespace setup is not documented.
C:/ProgramData/Jenkins/.jenkins/workspace/PipelineC/grpc/setup.py:130: warning: Member BUILD_OVERRIDE_BORING_SSL_ASM_PLATFORM (variable) of namespace setup is not documented.
C:/ProgramData/Jenkins/.jenkins/workspace/PipelineC/grpc/setup.py:139: warning: Member BUILD_WITH_CYTHON (variable) of namespace setup is not documented.
C:/ProgramData/Jenkins/.jenkins/workspace/PipelineC/grpc/setup.py:144: warning: Member BUILD_WITH_SYSTEM_OPENSSL (variable) of namespace setup is not documented.
C:/ProgramData/Jenkins/.jenkins/workspace/PipelineC/grpc/setup.py:151: warning: Member BUILD_WITH_SYSTEM_ZLIB (variable) of namespace setup is not documented.
C:/ProgramData/Jenkins/.jenkins/workspace/PipelineC/grpc/setup.py:158: warning: Member BUILD_WITH_SYSTEM_CARES (variable) of namespace setup is not documented.
C:/ProgramData/Jenkins/.jenkins/workspace/PipelineC/grpc/setup.py:165: warning: Member BUILD_WITH_SYSTEM_RE2 (variable) of namespace setup is not documented.
C:/ProgramData/Jenkins/.jenkins/workspace/PipelineC/grpc/setup.py:170: warning: Member BUILD_WITH_SYSTEM_ABSL (variable) of namespace setup is not documented.
C:/ProgramData/Jenkins/.jenkins/workspace/PipelineC/grpc/setup.py:179: warning: Member BUILD_WITH_STATIC_LIBSTDCXX (variable) of namespace setup is not documented.
C:/ProgramData/Jenkins/.jenkins/workspace/PipelineC/grpc/setup.py:194: warning: Member USE_PREBUILT_GRPC_CORE (variable) of namespace setup is not documented.
C:/ProgramData/Jenkins/.jenkins/workspace/PipelineC/grpc/setup.py:200: warning: Member ENABLE_CYTHON_TRACING (variable) of namespace setup is not documented.
C:/ProgramData/Jenkins/.jenkins/workspace/PipelineC/grpc/setup.py:206: warning: Member ENABLE_DOCUMENTATION_BUILD (variable) of namespace setup is not documented.
C:/ProgramData/Jenkins/.jenkins/workspace/PipelineC/grpc/setup.py:247: warning: Member target_ver (variable) of namespace setup is not documented.
C:/ProgramData/Jenkins/.jenkins/workspace/PipelineC/grpc/setup.py:261: warning: Member EXTRA_ENV_COMPILE_ARGS (variable) of namespace setup is not documented.
C:/ProgramData/Jenkins/.jenkins/workspace/PipelineC/grpc/setup.py:262: warning: Member EXTRA_ENV_LINK_ARGS (variable) of namespace setup is not documented.
C:/ProgramData/Jenkins/.jenkins/workspace/PipelineC/grpc/setup.py:300: warning: Member EXTRA_COMPILE_ARGS (variable) of namespace setup is not documented.
C:/ProgramData/Jenkins/.jenkins/workspace/PipelineC/grpc/setup.py:301: warning: Member EXTRA_LINK_ARGS (variable) of namespace setup is not documented.
C:/ProgramData/Jenkins/.jenkins/workspace/PipelineC/grpc/setup.py:306: warning: Member CYTHON_EXTENSION_PACKAGE_NAMES (variable) of namespace setup is not documented.
C:/ProgramData/Jenkins/.jenkins/workspace/PipelineC/grpc/setup.py:308: warning: Member CYTHON_EXTENSION_MODULE_NAMES (variable) of namespace setup is not documented.
C:/ProgramData/Jenkins/.jenkins/workspace/PipelineC/grpc/setup.py:310: warning: Member CYTHON_HELPER_C_FILES (variable) of namespace setup is not documented.
C:/ProgramData/Jenkins/.jenkins/workspace/PipelineC/grpc/setup.py:312: warning: Member CORE_C_FILES (variable) of namespace setup is not documented.
C:/ProgramData/Jenkins/.jenkins/workspace/PipelineC/grpc/setup.py:341: warning: Member EXTENSION_INCLUDE_DIRECTORIES (variable) of namespace setup is not documented.
C:/ProgramData/Jenkins/.jenkins/workspace/PipelineC/grpc/setup.py:357: warning: Member EXTENSION_LIBRARIES (variable) of namespace setup is not documented.
C:/ProgramData/Jenkins/.jenkins/workspace/PipelineC/grpc/setup.py:386: warning: Member DEFINE_MACROS (variable) of namespace setup is not documented.
C:/ProgramData/Jenkins/.jenkins/workspace/PipelineC/grpc/setup.py:387: warning: Member asm_files (variable) of namespace setup is not documented.
C:/ProgramData/Jenkins/.jenkins/workspace/PipelineC/grpc/setup.py:407: warning: Member asm_key (variable) of namespace setup is not documented.
C:/ProgramData/Jenkins/.jenkins/workspace/PipelineC/grpc/setup.py:409: warning: Member boringssl_asm_platform (variable) of namespace setup is not documented.
C:/ProgramData/Jenkins/.jenkins/workspace/PipelineC/grpc/setup.py:470: warning: Member LDFLAGS (variable) of namespace setup is not documented.
C:/ProgramData/Jenkins/.jenkins/workspace/PipelineC/grpc/setup.py:471: warning: Member CFLAGS (variable) of namespace setup is not documented.
C:/ProgramData/Jenkins/.jenkins/workspace/PipelineC/grpc/setup.py:473: warning: Member pymodinit_type (variable) of namespace setup is not documented.
C:/ProgramData/Jenkins/.jenkins/workspace/PipelineC/grpc/setup.py:474: warning: Member pymodinit (variable) of namespace setup is not documented.
C:/ProgramData/Jenkins/.jenkins/workspace/PipelineC/grpc/setup.py:537: warning: Member CYTHON_EXTENSION_MODULES (variable) of namespace setup is not documented.
C:/ProgramData/Jenkins/.jenkins/workspace/PipelineC/grpc/setup.py:537: warning: Member need_cython (variable) of namespace setup is not documented.
C:/ProgramData/Jenkins/.jenkins/workspace/PipelineC/grpc/setup.py:539: warning: Member PACKAGE_DIRECTORIES (variable) of namespace setup is not documented.
C:/ProgramData/Jenkins/.jenkins/workspace/PipelineC/grpc/setup.py:543: warning: Member INSTALL_REQUIRES (variable) of namespace setup is not documented.
C:/ProgramData/Jenkins/.jenkins/workspace/PipelineC/grpc/setup.py:545: warning: Member EXTRAS_REQUIRES (variable) of namespace setup is not documented.
C:/ProgramData/Jenkins/.jenkins/workspace/PipelineC/grpc/setup.py:549: warning: Member SETUP_REQUIRES (variable) of namespace setup is not documented.
C:/ProgramData/Jenkins/.jenkins/workspace/PipelineC/grpc/setup.py:568: warning: Member COMMAND_CLASS (variable) of namespace setup is not documented.
C:/ProgramData/Jenkins/.jenkins/workspace/PipelineC/grpc/setup.py:578: warning: Member credentials_dir (variable) of namespace setup is not documented.
C:/ProgramData/Jenkins/.jenkins/workspace/PipelineC/grpc/setup.py:587: warning: Member PACKAGE_DATA (variable) of namespace setup is not documented.
C:/ProgramData/Jenkins/.jenkins/workspace/PipelineC/grpc/setup.py:596: warning: Member PACKAGES (variable) of namespace setup is not documented.
C:/ProgramData/Jenkins/.jenkins/workspace/PipelineC/grpc/setup.py:599: warning: Member name (variable) of namespace setup is not documented.
C:/ProgramData/Jenkins/.jenkins/workspace/PipelineC/grpc/setup.py:600: warning: Member version (variable) of namespace setup is not documented.
C:/ProgramData/Jenkins/.jenkins/workspace/PipelineC/grpc/setup.py:601: warning: Member description (variable) of namespace setup is not documented.
C:/ProgramData/Jenkins/.jenkins/workspace/PipelineC/grpc/setup.py:602: warning: Member author (variable) of namespace setup is not documented.
C:/ProgramData/Jenkins/.jenkins/workspace/PipelineC/grpc/setup.py:603: warning: Member author_email (variable) of namespace setup is not documented.
C:/ProgramData/Jenkins/.jenkins/workspace/PipelineC/grpc/setup.py:604: warning: Member url (variable) of namespace setup is not documented.
C:/ProgramData/Jenkins/.jenkins/workspace/PipelineC/grpc/setup.py:605: warning: Member project_urls (variable) of namespace setup is not documented.
C:/ProgramData/Jenkins/.jenkins/workspace/PipelineC/grpc/setup.py:610: warning: Member license (variable) of namespace setup is not documented.
C:/ProgramData/Jenkins/.jenkins/workspace/PipelineC/grpc/setup.py:611: warning: Member classifiers (variable) of namespace setup is not documented.
C:/ProgramData/Jenkins/.jenkins/workspace/PipelineC/grpc/setup.py:612: warning: Member long_description_content_type (variable) of namespace setup is not documented.
C:/ProgramData/Jenkins/.jenkins/workspace/PipelineC/grpc/setup.py:613: warning: Member long_description (variable) of namespace setup is not documented.
C:/ProgramData/Jenkins/.jenkins/workspace/PipelineC/grpc/setup.py:614: warning: Member ext_modules (variable) of namespace setup is not documented.
C:/ProgramData/Jenkins/.jenkins/workspace/PipelineC/grpc/setup.py:615: warning: Member packages (variable) of namespace setup is not documented.
C:/ProgramData/Jenkins/.jenkins/workspace/PipelineC/grpc/setup.py:616: warning: Member package_dir (variable) of namespace setup is not documented.
C:/ProgramData/Jenkins/.jenkins/workspace/PipelineC/grpc/setup.py:617: warning: Member package_data (variable) of namespace setup is not documented.
C:/ProgramData/Jenkins/.jenkins/workspace/PipelineC/grpc/setup.py:618: warning: Member python_requires (variable) of namespace setup is not documented.
C:/ProgramData/Jenkins/.jenkins/workspace/PipelineC/grpc/setup.py:619: warning: Member install_requires (variable) of namespace setup is not documented.
C:/ProgramData/Jenkins/.jenkins/workspace/PipelineC/grpc/setup.py:620: warning: Member extras_require (variable) of namespace setup is not documented.
C:/ProgramData/Jenkins/.jenkins/workspace/PipelineC/grpc/setup.py:621: warning: Member setup_requires (variable) of namespace setup is not documented.
C:/ProgramData/Jenkins/.jenkins/workspace/PipelineC/grpc/setup.py:622: warning: Member cmdclass (variable) of namespace setup is not documented.